lookup /c/Users/jaid/bin
lookup /p/otherGit/scripts/bin
lookup /p/otherGit/setup-server/bin
lookup /d/portable/curl/7.88.1/bin
lookup C:\ProgramData/chocolatey/bin
lookup C:\WINDOWS/System32/OpenSSH
lookup C:\Program Files/Git/bin
lookup /c/Users/jaid/.cargo/bin
lookup C:\Program Files (x86)/Microsoft Visual Studio/2019/BuildTools/Common7/IDE/CommonExtensions/Microsoft/CMake/CMake/bin
lookup C:\Users\jaid\AppData\Roaming/Python/Python38/Scripts
lookup /d/portable/gmicCli/3.2.1
lookup /p/otherGit/ffmpeg/local64/bin-global
lookup /p/otherGit/ffmpeg/local64/bin-video
lookup /p/otherGit/ffmpeg/local64/bin-audio
lookup /p/git/gallery-dl/dist
lookup /d/portable/7zip/22.01
lookup /d/portable/adb/34.0.1
lookup /d/portable/aria2/1.36.0
lookup /d/portable/autohotkey2/2.0-beta.7
lookup /d/portable/bc/1.06
lookup /d/portable/dive/0.10.0
lookup /d/portable/dvrScan/1.5.1
lookup /d/portable/gnirehtet/2.5
lookup /d/portable/phantomJs/2.1.1
lookup /d/portable/psTools/2022.07.09
lookup /d/portable/scrcpy/1.25
lookup /d/portable/sqlite/3.41.0
lookup /d/portable/streamlink/5.3.0-1/bin
lookup /d/portable/twitchDownloader/1.51.1
lookup /d/portable/upx/4.0.2
lookup /d/portable/ytDlp/2023.02.17
lookup /d/portable/zstd/1.5.4
